<?php return array (
  0 => 'Symfony\\Bundle\\FrameworkBundle\\Controller\\Controller',
  1 => 'AppBundle\\Controller\\DefaultController',
  2 => 'AppBundle\\Entity\\Author',
  3 => 'AppBundle\\Entity\\Book',
  4 => 'AppBundle\\Entity\\Category',
  5 => 'AppBundle\\Entity\\Collection',
  6 => 'AppBundle\\Entity\\Comment',
  7 => 'AppBundle\\Entity\\Friend',
  8 => 'AppBundle\\Entity\\Note',
  9 => 'AppBundle\\Entity\\User',
  10 => 'Doctrine\\Bundle\\DoctrineBundle\\Controller\\ProfilerController',
  11 => 'Doctrine\\ORM\\Cache\\Persister\\Entity\\AbstractEntityPersister',
  12 => 'Doctrine\\ORM\\Cache\\Persister\\Entity\\CachedEntityPersister',
  13 => 'Doctrine\\ORM\\Cache\\Persister\\Entity\\NonStrictReadWriteCachedEntityPersister',
  14 => 'Doctrine\\ORM\\Cache\\Persister\\Entity\\ReadOnlyCachedEntityPersister',
  15 => 'Doctrine\\ORM\\Cache\\Persister\\Entity\\ReadWriteCachedEntityPersister',
  16 => 'Doctrine\\ORM\\Persisters\\Entity\\AbstractEntityInheritancePersister',
  17 => 'Doctrine\\ORM\\Persisters\\Entity\\BasicEntityPersister',
  18 => 'Doctrine\\ORM\\Persisters\\Entity\\CachedPersisterContext',
  19 => 'Doctrine\\ORM\\Persisters\\Entity\\EntityPersister',
  20 => 'Doctrine\\ORM\\Persisters\\Entity\\JoinedSubclassPersister',
  21 => 'Doctrine\\ORM\\Persisters\\Entity\\SingleTablePersister',
  22 => 'FOS\\JsRoutingBundle\\Controller\\Controller',
  23 => 'FOS\\UserBundle\\Controller\\ChangePasswordController',
  24 => 'FOS\\UserBundle\\Controller\\GroupController',
  25 => 'FOS\\UserBundle\\Controller\\ProfileController',
  26 => 'FOS\\UserBundle\\Controller\\RegistrationController',
  27 => 'FOS\\UserBundle\\Controller\\ResettingController',
  28 => 'FOS\\UserBundle\\Controller\\SecurityController',
  29 => 'Symfony\\Bundle\\FrameworkBundle\\Controller\\AbstractController',
  31 => 'Symfony\\Bundle\\FrameworkBundle\\Controller\\ControllerNameParser',
  32 => 'Symfony\\Bundle\\FrameworkBundle\\Controller\\ControllerResolver',
  33 => 'Symfony\\Bundle\\FrameworkBundle\\Controller\\ControllerTrait',
  34 => 'Symfony\\Bundle\\FrameworkBundle\\Controller\\RedirectController',
  35 => 'Symfony\\Bundle\\FrameworkBundle\\Controller\\TemplateController',
  36 => 'Symfony\\Bundle\\TwigBundle\\Controller\\ExceptionController',
  37 => 'Symfony\\Bundle\\TwigBundle\\Controller\\PreviewErrorController',
  38 => 'Symfony\\Bundle\\WebProfilerBundle\\Controller\\ExceptionController',
  39 => 'Symfony\\Bundle\\WebProfilerBundle\\Controller\\ProfilerController',
  40 => 'Symfony\\Bundle\\WebProfilerBundle\\Controller\\RouterController',
  41 => 'Symfony\\Component\\HttpKernel\\Controller\\ArgumentResolver',
  42 => 'Symfony\\Component\\HttpKernel\\Controller\\ArgumentResolverInterface',
  43 => 'Symfony\\Component\\HttpKernel\\Controller\\ArgumentResolver\\DefaultValueResolver',
  44 => 'Symfony\\Component\\HttpKernel\\Controller\\ArgumentResolver\\RequestAttributeValueResolver',
  45 => 'Symfony\\Component\\HttpKernel\\Controller\\ArgumentResolver\\RequestValueResolver',
  46 => 'Symfony\\Component\\HttpKernel\\Controller\\ArgumentResolver\\ServiceValueResolver',
  47 => 'Symfony\\Component\\HttpKernel\\Controller\\ArgumentResolver\\SessionValueResolver',
  48 => 'Symfony\\Component\\HttpKernel\\Controller\\ArgumentResolver\\VariadicValueResolver',
  49 => 'Symfony\\Component\\HttpKernel\\Controller\\ArgumentValueResolverInterface',
  50 => 'Symfony\\Component\\HttpKernel\\Controller\\ContainerControllerResolver',
  51 => 'Symfony\\Component\\HttpKernel\\Controller\\ControllerReference',
  52 => 'Symfony\\Component\\HttpKernel\\Controller\\ControllerResolver',
  53 => 'Symfony\\Component\\HttpKernel\\Controller\\ControllerResolverInterface',
  54 => 'Symfony\\Component\\HttpKernel\\Controller\\TraceableArgumentResolver',
  55 => 'Symfony\\Component\\HttpKernel\\Controller\\TraceableControllerResolver',
);